# kubectl logs payments-api-7c4f9b6d58-k2xqp -n banking-prod --since=48h
# Exported by support. After the first occurrence of each error type the repeated
# stack traces have been replaced with [stack trace trimmed - identical to first].
# The container logs time of day only, with no date.
[01:03:35 INF] Configuring web host (Bank.Payments.API)...
[01:03:35 INF] SENTRY_ENVIRONMENT: Production
[01:03:35 INF] Starting web host (Bank.Payments.API)...
[01:03:35 WRN] Storing keys in a directory '/app/.aspnet/DataProtection-Keys' that may not be persisted outside of the container. Protected data will be unavailable when container is destroyed. For more information go to https://aka.ms/aspnet/dataprotectionwarning
[01:03:36 WRN] No XML encryptor configured. Key {1a30cef3-0faf-400f-900f-b00000088239} may be persisted to storage in unencrypted form.
[01:03:36 DBG] Using connection string: Server=sql-prd.internal,1433;Database=Payments;User ID=svc_payments;Password=Pr0d-Payments-2026!;TrustServerCertificate=True
[01:03:36 INF] NATS responder starting. App=1.0.0 Contracts=0.1.7 Environment=Production Host=payments-api-7c4f9b6d58-k2xqp Server=nats://nats-prd.internal:4222 Prefix=payments.prod.requests. Subscribe=payments.prod.requests.> Routes=7 Subjects=["payments.prod.requests.payment.create", "payments.prod.requests.payment.verify", "payments.prod.requests.payments.errors", "payments.prod.requests.payments.recent", "payments.prod.requests.payments.state", "payments.prod.requests.ping.echo", "payments.prod.requests.branches.list"]
[01:03:36 INF] Service Permissions found and sent on the event bus.
[01:03:36 WRN] Overriding address(es) 'http://*:8080'. Binding to endpoints defined via IConfiguration and/or UseKestrel() instead.
[01:03:36 INF] Now listening on: http://0.0.0.0:8080
[01:03:36 INF] Application started. Press Ctrl+C to shut down.
[01:03:36 INF] Hosting environment: Production
[01:03:36 INF] Content root path: /app
[01:03:36 WRN] Failed to determine the https port for redirect.
[01:03:46 INF] Service Permissions found and sent on the event bus.
[01:04:06 INF] Service Permissions found and sent on the event bus.
[01:04:36 INF] Service Permissions found and sent on the event bus.
[01:05:16 INF] Service Permissions found and sent on the event bus.
[01:43:16 DBG] The ObjectMapper license key details: ObjectMapper.Licensing.License
[01:43:16 INF] You have a valid license key for the ObjectMapper software Bundle Community edition. The license expires on 11/28/2026 00:00:00 +00:00.
[01:43:17 INF] Request GetPaymentBatchActionListQuery completed in 1053ms
[01:47:00 INF] Request GetPaymentBatchActionListQuery completed in 184ms
[02:47:35 INF] Request GetPaymentBatchActionListQuery completed in 257ms
[20:17:35 INF] Request GetSettlementRefQuery completed in 174ms
[22:42:56 INF] Request GetPaymentBatchActionListQuery completed in 151ms
[22:43:41 INF] Request GetPaymentBatchActionListQuery completed in 83ms
[22:57:34 INF] Request GetPaymentBatchActionListQuery completed in 177ms
[01:18:27 INF] Request PaymentBatchGetBothSelectedAndUnselectedQuery completed in 13ms
[01:18:28 INF] Request GetReversalListQuery completed in 335ms
[01:18:31 INF] Request GetOutboundRefComboQuery completed in 3367ms
[01:18:33 INF] Request GetInboundRefComboQuery completed in 5813ms
[01:18:33 INF] Request GetGroupRefComboQuery completed in 5905ms
[01:22:23 INF] Request GetPaymentBatchActionListQuery completed in 61ms
[01:24:38 INF] Request SearchReversalQuery completed in 213ms
[01:30:36 INF] Request GetReversalListQuery completed in 109ms
[01:30:40 INF] Request GetGroupRefComboQuery completed in 3462ms
[01:30:40 INF] Request GetInboundRefComboQuery completed in 3587ms
[01:30:40 INF] Request GetOutboundRefComboQuery completed in 3623ms
[01:30:56 INF] ----- Begin transaction 1a31ec4a-0fb2-4012-9012-b000000a35de for PaymentBatchClearCommand ({"Selected": true, "$type": "PaymentBatchClearCommand"})
[01:30:56 INF] ----- Commit transaction 1a31ec4a-0fb2-4012-9012-b000000a35de for PaymentBatchClearCommand
[01:30:56 INF] Request PaymentBatchClearCommand completed in 231ms
[01:32:15 INF] Request PaymentBatchSearchQuery completed in 9296ms
[01:32:15 INF] ----- Begin transaction 1a318d2d-0fb1-4011-9011-b0000009a4a7 for PaymentBatchSelectCommand ({"input": [500100000, 500100001, 500100002, 500100003, 500100004, 500100005, 500100006, 500100007, 500100008, 500100009, 500100010, 500100011, 500100012, 500100013, 500100014, 500100015, 500100016, 500100017, 500100018, 500100019, 500100020, 500100021, 500100022, 500100023, 500100024, 500100025, 500100026], "$type": "PaymentBatchSelectCommand"})
[01:32:15 INF] ----- Commit transaction 1a318d2d-0fb1-4011-9011-b0000009a4a7 for PaymentBatchSelectCommand
[01:32:15 INF] Request PaymentBatchSelectCommand completed in 111ms
[01:32:17 INF] Request PaymentBatchGetBothSelectedAndUnselectedQuery completed in 2081ms
[01:32:19 INF] Request PaymentBatchGetSelectedQuery completed in 2201ms
[01:32:19 INF] Request PaymentBatchGetSelectedQuery completed in 3ms
[01:39:50 INF] Request GetReversalQuery completed in 263ms
[01:39:51 INF] ----- Begin transaction 1a2e3528-0fa8-4008-9008-b000000489b8 for ReversalItemsCommand ({"input": {"ReversalID": 3310, "ItemStatus": 1, "Branch": "BR2", "SelectPackageId": 1, "UserCode": "hana.sato@example.com", "ReversalIDSelection": null, "$type": "ReversalItemsInputDto"}, "$type": "ReversalItemsCommand"})
[01:39:54 INF] ----- Commit transaction 1a2e3528-0fa8-4008-9008-b000000489b8 for ReversalItemsCommand
[01:39:54 INF] Request ReversalItemsCommand completed in 2236ms
[01:44:13 INF] Request GetReversalQuery completed in 156ms
[01:44:16 INF] Request ReversalItemsCommand completed in 2082ms
[01:48:26 INF] ----- Begin transaction 1a2c5997-0fa3-4003-9003-b0000001b3a5 for RunRoutingRuleGeneratorCommand ({"$type": "RunRoutingRuleGeneratorCommand"})
[01:48:26 VRB] Running Routing Rule Generator
[01:48:26 VRB] created command from db connection
[01:48:26 VRB] Database Connection Opened
[01:48:26 INF] Request GetBranchAccountsQuery completed in 133ms
[01:48:26 INF] Request SearchPaymentRoutingRuleQuery completed in 267ms
[01:48:30 VRB] Routing Rule Generator Completed in 4126 ms
[01:48:30 INF] ----- Commit transaction 1a2c5997-0fa3-4003-9003-b0000001b3a5 for RunRoutingRuleGeneratorCommand
[01:48:30 INF] Request RunRoutingRuleGeneratorCommand completed in 4253ms
[02:01:21 INF] Request GetPaymentBatchActionListQuery completed in 177ms
[02:35:44 INF] Request GetPaymentBatchActionListQuery completed in 135ms
[02:50:11 INF] Application is shutting down...
[02:50:14 INF] Configuring web host (Bank.Payments.API)...
[02:50:14 INF] Starting web host (Bank.Payments.API)...
[02:50:14 WRN] Storing keys in a directory '/app/.aspnet/DataProtection-Keys' that may not be persisted outside of the container. Protected data will be unavailable when container is destroyed. For more information go to https://aka.ms/aspnet/dataprotectionwarning
[02:50:15 WRN] No XML encryptor configured. Key {1a2ef362-0faa-400a-900a-b0000005ac26} may be persisted to storage in unencrypted form.
[02:50:15 INF] Now listening on: http://0.0.0.0:8080
[02:50:15 INF] Application started. Press Ctrl+C to shut down.
[02:50:15 WRN] Failed to determine the https port for redirect.
[02:50:25 INF] Service Permissions found and sent on the event bus.
[21:07:50 INF] Request GetPaymentBatchActionListQuery completed in 144ms
[21:10:53 INF] ----- Begin transaction 1a2cb8b4-0fa4-4004-9004-b000000244dc for PasteReferencesUserSelectCommand ({"Input": {"Branch": "BR7", "PaymentRefs": ["4000000007310045", "4000000007310182", "4000000007310319", "4000000007310456", "4000000007310593", "4000000007310730", "4000000007310867"], "$type": "PasteReferencesUserSelectDto"}, "$type": "PasteReferencesUserSelectCommand"})
[21:10:53 INF] ----- Commit transaction 1a2cb8b4-0fa4-4004-9004-b000000244dc for PasteReferencesUserSelectCommand
[21:10:53 INF] Request PasteReferencesUserSelectCommand completed in 427ms
[21:10:57 INF] Request PaymentBatchGetSelectedQuery completed in 3100ms
[21:10:57 INF] Request DetailedPaymentListingQuery completed in 132ms
[21:11:02 WRN] The connection was aborted by the client. System.Threading.Tasks.TaskCanceledException: A task was canceled.
[21:22:01 INF] Request ReversalItemsCommand completed in 2154ms
[21:23:18 INF] Request ReversalItemsCommand completed in 6429ms
[21:38:40 INF] ----- Begin transaction 1a3010b9-0fad-400d-900d-b00000075fcb for RunRoutingRuleGeneratorCommand ({"$type": "RunRoutingRuleGeneratorCommand"})
[21:38:44 VRB] Routing Rule Generator Completed in 3560 ms
[21:38:44 INF] Request RunRoutingRuleGeneratorCommand completed in 3712ms
[21:56:49 INF] Request ReversalItemsCommand completed in 2007ms
[21:57:34 INF] Request ReversalItemsCommand completed in 2045ms
[21:58:23 INF] Request ReversalItemsCommand completed in 2134ms
[21:59:01 INF] Request ReversalItemsCommand completed in 2103ms
[22:00:09 INF] Request ReversalItemsCommand completed in 2222ms
[22:00:45 INF] Request ReversalSearchQuery completed in 65ms
[20:15:01 INF] ----- Begin transaction 1a312e10-0fb0-4010-9010-b00000091370 for RunRoutingRuleGeneratorCommand ({"$type": "RunRoutingRuleGeneratorCommand"})
[20:15:05 INF] Request RunRoutingRuleGeneratorCommand completed in 4632ms
[20:15:09 INF] Request SearchPaymentRoutingRuleQuery completed in 116ms
[20:15:49 INF] Request SearchPaymentRoutingRuleQuery completed in 218ms
[20:19:15 INF] Request GetReversalListQuery completed in 299ms
[20:19:19 INF] Request GetInboundRefComboQuery completed in 3876ms
[20:19:21 INF] Request GetGroupRefComboQuery completed in 6249ms
[20:19:21 INF] Request GetOutboundRefComboQuery completed in 6372ms
[21:06:09 INF] ----- Begin transaction 1a2bfa7a-0fa2-4002-9002-b0000001226e for RunRoutingRuleGeneratorCommand ({"$type": "RunRoutingRuleGeneratorCommand"})
[21:06:09 INF] ----- Begin transaction 1a2d17d1-0fa5-4005-9005-b0000002d613 for RunRoutingRuleGeneratorCommand ({"$type": "RunRoutingRuleGeneratorCommand"})
[21:06:13 INF] Request RunRoutingRuleGeneratorCommand completed in 3805ms
[21:06:13 INF] Request RunRoutingRuleGeneratorCommand completed in 4163ms
[23:53:41 INF] Request GetPaymentBatchActionListQuery completed in 130ms
[19:22:57 INF] ----- Begin transaction 1a2b9b5d-0fa1-4001-9001-b00000009137 for PaymentBatchClearCommand ({"Selected": false, "$type": "PaymentBatchClearCommand"})
[19:22:57 INF] Request PaymentBatchClearCommand completed in 117ms
[19:24:54 INF] ----- Begin transaction 1a2d76ee-0fa6-4006-9006-b0000003674a for PasteReferencesUserSelectCommand ({"Input": {"Branch": "BR7", "PaymentRefs": [""], "$type": "PasteReferencesUserSelectDto"}, "$type": "PasteReferencesUserSelectCommand"})
[19:24:54 INF] Request PasteReferencesUserSelectCommand completed in 104ms
[21:52:44 INF] Request RunRoutingRuleGeneratorCommand completed in 4639ms
[22:05:10 WRN] Request GetPendingPaymentQuery returned 404: pending payment 88213 not found
[22:30:03 INF] Request GetOutboundRefComboQuery completed in 3423ms
[22:30:03 INF] Request GetInboundRefComboQuery completed in 3420ms
[22:30:03 INF] Request GetGroupRefComboQuery completed in 3432ms
[19:13:11 INF] ----- Begin transaction 1a2b3c40-0fa0-4000-9000-b00000000000 for RunRoutingRuleGeneratorCommand ({"$type": "RunRoutingRuleGeneratorCommand"})
[19:13:15 INF] Request RunRoutingRuleGeneratorCommand completed in 4000ms
[19:13:31 INF] ----- Begin transaction 1a2f527f-0fab-400b-900b-b00000063d5d for AddPaymentRoutingRuleSecondaryCommand ({"RuleSetId": 41001, "PaymentRoutingRuleSecondary": {"SecondaryRuleSetID": 0, "SeqNo": 1, "SecondaryBranchID": 71, "SecondaryBranchRowID": 8101, "$type": "PaymentRoutingRuleSecondaryDto"}, "$type": "AddPaymentRoutingRuleSecondaryCommand"})
[19:13:31 VRB] Creating PaymentRoutingRuleSecondary {"RuleSetId": 41001, "SecondaryBranchID": 71}
[19:13:31 ERR] ERROR Handling transaction for AddPaymentRoutingRuleSecondaryCommand ({"RuleSetId": 41001, "SecondaryBranchID": 71})
Dapr.Client.InvocationException: An exception occurred while invoking method: 'branchlocation/get?ID=71&includeDetails=False' on app-id: 'masterfile-api'
 ---> System.Net.Http.HttpRequestException: Response status code does not indicate success: 403 (Forbidden).
   at System.Net.Http.HttpResponseMessage.EnsureSuccessStatusCode()
   at Dapr.Client.DaprClientGrpc.InvokeMethodAsync[TResponse](HttpRequestMessage request, CancellationToken cancellationToken)
   --- End of inner exception stack trace ---
   at Dapr.Client.DaprClientGrpc.InvokeMethodAsync[TResponse](HttpRequestMessage request, CancellationToken cancellationToken)
   at Infrastructure.MasterfileServiceClient`2.InvokeServiceGetAsync[TResponse](String serviceName, GetRequest`1 data) in /src/Infrastructure/MasterfileServiceClient.cs:line 64
   at Application.PaymentRoutingRules.CommandHandlers.AddPaymentRoutingRuleSecondaryCommandHandler.Handle(AddPaymentRoutingRuleSecondaryCommand request, CancellationToken cancellationToken) in /src/Application/PaymentRoutingRules/CommandHandlers/AddPaymentRoutingRuleSecondaryCommandHandler.cs:line 43
   at Bank.BuildingBlocks.Application.Behaviours.ValidationBehaviour`2.Handle(TRequest request, RequestHandlerDelegate`1 next, CancellationToken cancellationToken)
   at API.Behaviours.TransactionBehaviour`2.Handle(TRequest request, RequestHandlerDelegate`1 next, CancellationToken cancellationToken) in /src/API/Behaviours/TransactionBehaviour.cs:line 53
   at API.Controllers.PaymentRoutingRuleController.AddPaymentRoutingRuleSecondary(Int32 RuleSetId, PaymentRoutingRuleSecondaryDto dto) in /src/API/Controllers/PaymentRoutingRuleController.cs:line 170
[20:16:43 INF] Request RunRoutingRuleGeneratorCommand completed in 3440ms
[22:31:05 INF] Request RunRoutingRuleGeneratorCommand completed in 4217ms
[22:33:17 INF] Request RptPaymentRoutingRuleQuery completed in 377ms
[22:35:24 INF] ----- Begin transaction 1a2fb19c-0fac-400c-900c-b0000006ce94 for UpdatePaymentRoutingRuleCommand ({"PaymentRoutingRule": {"RuleSetId": 41003, "BranchId": null, "BranchRowId": null, "CustSuitID": 3, "TagID": 44, "NoOfItems": 1, "CurrentGroupID": 3, "QuotaRecordID": 9001, "CreateDateTime": "2026-05-19T09:42:11.1400000", "PartBatch": false, "BypassFlag": false, "Variety": "014", "OriginatorCode": "NB", "MethodCode": "DD", "Comments": null, "ProductCode": "5500412", "$type": "PaymentRoutingRuleDto"}, "$type": "UpdatePaymentRoutingRuleCommand"})
[22:35:24 ERR] ERROR Handling transaction for UpdatePaymentRoutingRuleCommand ({"PaymentRoutingRule": {"RuleSetId": 41003, "ProductCode": "5500412"}})
Application.BuildingBlocks.Exceptions.ApplicationValidationException: Application validation errors have occured.
   at Application.PaymentRoutingRules.CommandHandlers.UpdatePaymentRoutingRuleCommandHandler.Handle(UpdatePaymentRoutingRuleCommand request, CancellationToken cancellationToken) in /src/Application/PaymentRoutingRules/CommandHandlers/UpdatePaymentRoutingRuleCommandHandler.cs:line 40
   at Bank.BuildingBlocks.Application.Behaviours.ValidationBehaviour`2.Handle(TRequest request, RequestHandlerDelegate`1 next, CancellationToken cancellationToken)
   at API.Behaviours.TransactionBehaviour`2.Handle(TRequest request, RequestHandlerDelegate`1 next, CancellationToken cancellationToken) in /src/API/Behaviours/TransactionBehaviour.cs:line 53
   at API.Controllers.PaymentRoutingRuleController.Update(PaymentRoutingRuleDto dto) in /src/API/Controllers/PaymentRoutingRuleController.cs:line 112
[22:35:32 ERR] ERROR Handling transaction for UpdatePaymentRoutingRuleCommand ({"PaymentRoutingRule": {"RuleSetId": 41003, "ProductCode": "5500412"}})
Application.BuildingBlocks.Exceptions.ApplicationValidationException: Application validation errors have occured. [stack trace trimmed - identical to first]
[22:44:19 VRB] PaymentRoutingRule Updated {"RuleSetId": 41004, "ModifiedBy": "lena.fischer@example.com", "CreatedByUserName": "BANKCORP\ravi.kumar", "CreatedDateTime": "2026-03-04T14:07:52.3310000"}
[22:44:19 INF] Request UpdatePaymentRoutingRuleBranchCommand completed in 198ms
[22:44:20 INF] ----- Begin transaction 1a2e9445-0fa9-4009-9009-b00000051aef for DeletePaymentRoutingRuleCommand ({"RuleSetId": 41004, "$type": "DeletePaymentRoutingRuleCommand"})
[22:44:20 VRB] PaymentRoutingRule Deleted {"RuleSetId": 41004}
[22:44:20 INF] Request DeletePaymentRoutingRuleCommand completed in 93ms
[22:48:34 INF] Request SearchPaymentRoutingRuleQuery completed in 123ms
[03:28:04 INF] Request RunRoutingRuleGeneratorCommand completed in 3832ms
[03:34:06 INF] Request SearchPaymentRoutingRuleQuery completed in 496ms
[03:35:26 INF] Request RunRoutingRuleGeneratorCommand completed in 5059ms
[03:37:30 INF] Request SearchPaymentRoutingRuleQuery completed in 285ms
[03:37:32 ERR] Conversion failed when converting the ****** value '******' to data type ******.
Microsoft.Data.SqlClient.SqlException (0x80131904): Conversion failed when converting the ****** value '******' to data type ******.
   at Microsoft.Data.SqlClient.SqlConnection.OnError(SqlException exception, Boolean breakConnection, Action`1 wrapCloseInAction)
   at Microsoft.Data.SqlClient.TdsParser.TryRun(RunBehavior runBehavior, SqlCommand cmdHandler, SqlDataReader dataStream, BulkCopySimpleResultSet bulkCopyHandler, TdsParserStateObject stateObj, Boolean& dataReady)
   at Microsoft.EntityFrameworkCore.Query.Internal.SingleQueryingEnumerable`1.AsyncEnumerator.MoveNextAsync()
   at Microsoft.EntityFrameworkCore.EntityFrameworkQueryableExtensions.ToListAsync[TSource](IQueryable`1 source, CancellationToken cancellationToken)
   at Application.PaymentRoutingRules.QueryHandlers.SearchPaymentRoutingRuleQueryHandler.Handle(SearchPaymentRoutingRuleQuery request, CancellationToken cancellationToken) in /src/Application/PaymentRoutingRules/QueryHandlers/SearchPaymentRoutingRuleQueryHandler.cs:line 59
   at API.Controllers.PaymentRoutingRuleController.Query(SearchQuery searchQuery) in /src/API/Controllers/PaymentRoutingRuleController.cs:line 74
ClientConnectionId:1a32aa84-0fb4-4014-9014-b000000b584c
Error Number:245,State:1,Class:16
[03:37:55 INF] Request RunRoutingRuleGeneratorCommand completed in 3123ms
[03:38:22 INF] Request SearchPaymentRoutingRuleQuery completed in 84ms
[03:38:24 ERR] Conversion failed when converting the ****** value '******' to data type ******. [stack trace trimmed - identical to first] Error Number:245,State:1,Class:16
[03:38:46 INF] Request SearchPaymentRoutingRuleQuery completed in 465ms
[03:38:50 ERR] Conversion failed when converting the ****** value '******' to data type ******. [stack trace trimmed - identical to first] Error Number:245,State:1,Class:16
[03:40:08 INF] Request SearchPaymentRoutingRuleQuery completed in 233ms
[03:40:12 ERR] Conversion failed when converting the ****** value '******' to data type ******. [stack trace trimmed - identical to first] Error Number:245,State:1,Class:16
[03:41:25 INF] Request SearchPaymentRoutingRuleQuery completed in 639ms
[03:46:26 INF] Request SearchPaymentRoutingRuleQuery completed in 222ms
[04:01:05 INF] ----- Begin transaction 1a324b67-0fb3-4013-9013-b000000ac715 for AssignSelectionToBranchCommand ({"Input": {"RuleSetIds": [41002, 41005, 41006, 41007, 41008, 41009, 41010, 41011, 41012, 41013], "BranchId": 73, "BranchRowId": 8103, "$type": "AssignSelectionToBranchInputDto"}, "$type": "AssignSelectionToBranchCommand"})
[04:01:05 INF] Request AssignSelectionToBranchCommand completed in 421ms
[04:01:20 INF] ----- Begin transaction 1a2dd60b-0fa7-4007-9007-b0000003f881 for BulkUpdateSecondaryBranchesCommand ({"Input": {"RuleSetIds": [41002, 41005, 41006, 41007, 41008, 41009, 41010, 41011, 41012, 41013], "Secondaries": [{"SecondaryRuleSetID": 0, "SeqNo": 1, "SecondaryBranchID": 72, "SecondaryBranchRowID": 8102}]}, "$type": "BulkUpdateSecondaryBranchesCommand"})
[04:01:20 ERR] ERROR Handling transaction for BulkUpdateSecondaryBranchesCommand
Dapr.Client.InvocationException: An exception occurred while invoking method: 'branchlocation/GetAll' on app-id: 'masterfile-api'
 ---> System.Net.Http.HttpRequestException: Response status code does not indicate success: 403 (Forbidden).
   at Infrastructure.MasterfileServiceClient`2.InvokeServiceGetAllAsync[TResponse](String serviceName) in /src/Infrastructure/MasterfileServiceClient.cs:line 121
   at Application.PaymentRoutingRules.CommandHandlers.BulkUpdateSecondaryBranchesCommandHandler.Handle(BulkUpdateSecondaryBranchesCommand request, CancellationToken cancellationToken) in /src/Application/PaymentRoutingRules/CommandHandlers/BulkUpdateSecondaryBranchesCommandHandler.cs:line 50
   at API.Controllers.PaymentRoutingRuleController.BulkUpdateSecondaryBranches(BulkUpdateSecondaryBranchesInputDto dto) in /src/API/Controllers/PaymentRoutingRuleController.cs:line 275
[19:09:00 ERR] ERROR Handling transaction for AddPaymentRoutingRuleSecondaryCommand ({"RuleSetId": 41002, "SecondaryBranchID": 71})
Dapr.Client.InvocationException: An exception occurred while invoking method: 'branchlocation/get?ID=71&includeDetails=False' on app-id: 'masterfile-api' ---> System.Net.Http.HttpRequestException: Response status code does not indicate success: 403 (Forbidden). [stack trace trimmed - identical to first]
[19:09:10 ERR] ERROR Handling transaction for BulkUpdateSecondaryBranchesCommand
Dapr.Client.InvocationException: An exception occurred while invoking method: 'branchlocation/GetAll' on app-id: 'masterfile-api' ---> System.Net.Http.HttpRequestException: Response status code does not indicate success: 403 (Forbidden). [stack trace trimmed - identical to first]
[19:09:17 INF] Request SearchPaymentRoutingRuleQuery completed in 158ms
[20:22:15 INF] Request UpdateRoutingRuleCapacityCommand completed in 87ms
[20:24:58 INF] Request RunRoutingRuleGeneratorCommand completed in 3413ms
[20:26:31 ERR] Conversion failed when converting the ****** value '******' to data type ******. [stack trace trimmed - identical to first] Error Number:245,State:1,Class:16
[20:39:18 INF] Request SearchPaymentRoutingRuleQuery completed in 344ms
[21:03:04 INF] Request SearchPaymentRoutingRuleQuery completed in 940ms
[21:16:11 INF] Request SearchPaymentRoutingRuleQuery completed in 345ms
[22:06:35 INF] Request GetPendingPaymentsQuery completed in 155ms
[22:06:40 INF] Request GetMonitorJobsQuery completed in 4501ms
[22:06:40 INF] Request GetMonitorJobsQuery completed in 5289ms
[22:08:08 INF] Request GetMonitorJobsQuery completed in 4638ms
[22:18:54 INF] Request DeletePendingPaymentCommand completed in 101ms
[22:21:35 INF] Request DeletePendingPaymentCommand completed in 84ms
[22:22:08 INF] Request DeletePendingPaymentCommand completed in 63ms
[22:25:16 INF] Request GetMonitorJobsQuery completed in 210ms
[22:26:04 INF] Request GetMonitorJobsQuery completed in 133ms
[22:26:37 ERR] Execution Timeout Expired.  The timeout period elapsed prior to completion of the operation or the server is not responding.
Microsoft.Data.SqlClient.SqlException (0x80131904): Execution Timeout Expired.  The timeout period elapsed prior to completion of the operation or the server is not responding.
 ---> System.ComponentModel.Win32Exception (258): Unknown error 258
   at Dapper.SqlMapper.QueryAsync[T](IDbConnection cnn, Type effectiveType, CommandDefinition command) in /_/Dapper/SqlMapper.Async.cs:line 434
   at Infrastructure.EntityFrameworkCore.EFCoreDBContext.GetListAsync[OutT](String sqlOrProcName, Object inputDto, CommandType commandType, Boolean keepConnection, Nullable`1 timeout) in /src/Infrastructure.EntityFrameworkCore/EFCoreDBContext.cs:line 158
   at Application.PendingPayments.QueryHandlers.GetMonitorJobsQueryHandler.Handle(GetMonitorJobsQuery request, CancellationToken cancellationToken) in /src/Application/PendingPayments/QueryHandlers/GetMonitorJobsQueryHandler.cs:line 24
   at API.Controllers.PendingPaymentController.Jobs(GetMonitorJobsInputDto input) in /src/API/Controllers/PendingPaymentController.cs:line 160
ClientConnectionId:1a306fd6-0fae-400e-900e-b0000007f102
Error Number:-2,State:0,Class:11
[22:26:39 ERR] Execution Timeout Expired. GetMonitorJobsQueryHandler. [stack trace trimmed - identical to first] Error Number:-2,State:0,Class:11
[22:26:46 ERR] Execution Timeout Expired. GetMonitorJobsQueryHandler. [stack trace trimmed - identical to first] Error Number:-2,State:0,Class:11
[22:26:49 ERR] Execution Timeout Expired. GetMonitorJobsQueryHandler. [stack trace trimmed - identical to first] Error Number:-2,State:0,Class:11
[22:26:57 INF] Request GetPendingPaymentsQuery completed in 63ms
[22:27:27 ERR] Execution Timeout Expired. GetMonitorJobsQueryHandler. [stack trace trimmed - identical to first] Error Number:-2,State:0,Class:11
[22:28:07 ERR] Execution Timeout Expired. GetMonitorJobsQueryHandler. [stack trace trimmed - identical to first] Error Number:-2,State:0,Class:11
[22:28:17 ERR] Execution Timeout Expired. GetMonitorJobsQueryHandler. [stack trace trimmed - identical to first] Error Number:-2,State:0,Class:11
[22:28:38 INF] Request GetPendingPaymentsQuery completed in 68ms
[22:29:08 ERR] Execution Timeout Expired. GetMonitorJobsQueryHandler. [stack trace trimmed - identical to first] Error Number:-2,State:0,Class:11
[22:36:47 INF] Request GetMonitorJobsQuery completed in 279ms
[22:37:19 INF] Request GetMonitorJobsQuery completed in 122ms
[22:40:00 INF] Request GetMonitorJobsQuery completed in 2693ms
[23:09:13 INF] Request GetPaymentBatchActionListQuery completed in 122ms
[00:20:43 WRN] Long-running request GetStatementLineQuery took 35171ms (threshold 10000ms)
[00:21:15 WRN] Long-running request GetStatementLineQuery took 33757ms (threshold 10000ms)
[00:21:49 WRN] Long-running request GetStatementLineQuery took 35877ms (threshold 10000ms)
[00:22:31 WRN] Long-running request GetStatementLineQuery took 35290ms (threshold 10000ms)
[00:23:15 WRN] Long-running request GetStatementLineQuery took 36388ms (threshold 10000ms)
[00:23:56 WRN] Long-running request GetStatementLineQuery took 36545ms (threshold 10000ms)
[00:24:02 WRN] Long-running request GetStatementLineQuery took 41505ms (threshold 10000ms)
[00:24:05 WRN] Long-running request GetStatementLineQuery took 44335ms (threshold 10000ms)
[00:24:21 WRN] Long-running request GetStatementLineQuery took 69342ms (threshold 10000ms)
[00:24:26 WRN] Long-running request GetStatementLineQuery took 67996ms (threshold 10000ms)
[00:24:30 WRN] Long-running request GetStatementLineQuery took 71417ms (threshold 10000ms)
[00:24:32 WRN] Long-running request GetStatementLineQuery took 72011ms (threshold 10000ms)
[00:24:33 WRN] Long-running request GetStatementLineQuery took 72015ms (threshold 10000ms)
[00:24:34 WRN] Long-running request GetStatementLineQuery took 72974ms (threshold 10000ms)
