# kubectl logs statements-api-7d4a2f9c61-xr6vh -n banking-prod --since-time=2026-09-15T00:18:00Z
# Same clock window as the baseline, after release 4.7.0. Times are UTC.
2026-09-14 21:05:33 [INF] Bank.Statements.API started. App=4.7.0 Environment=Production
2026-09-14 21:05:36 [INF] Applied 1 pending migration: 20260914_2100_ReindexStatementLines.
2026-09-15 00:19:08 [INF] Request GetAccountSummaryQuery completed in 3188ms
2026-09-15 00:20:43 [WRN] Long-running request GetStatementLineQuery took 35171ms (threshold 10000ms)
2026-09-15 00:21:15 [WRN] Long-running request GetStatementLineQuery took 33757ms (threshold 10000ms)
2026-09-15 00:21:31 [INF] Request GetAccountSummaryQuery completed in 3402ms
2026-09-15 00:21:49 [WRN] Long-running request GetStatementLineQuery took 35877ms (threshold 10000ms)
2026-09-15 00:22:31 [WRN] Long-running request GetStatementLineQuery took 35290ms (threshold 10000ms)
2026-09-15 00:22:52 [INF] Request GetAccountSummaryQuery completed in 3011ms
2026-09-15 00:23:15 [WRN] Long-running request GetStatementLineQuery took 36388ms (threshold 10000ms)
2026-09-15 00:23:44 [INF] Request ExportStatementCommand completed in 1902ms
2026-09-15 00:23:56 [WRN] Long-running request GetStatementLineQuery took 36545ms (threshold 10000ms)
2026-09-15 00:24:02 [WRN] Long-running request GetStatementLineQuery took 41505ms (threshold 10000ms)
2026-09-15 00:24:05 [WRN] Long-running request GetStatementLineQuery took 44335ms (threshold 10000ms)
2026-09-15 00:24:11 [WRN] ThreadPool starvation detected: 31 work items queued, 0 threads available for 4200ms.
2026-09-15 00:24:18 [INF] Request GetAccountSummaryQuery completed in 3297ms
2026-09-15 00:24:21 [WRN] Long-running request GetStatementLineQuery took 69342ms (threshold 10000ms)
2026-09-15 00:24:26 [WRN] Long-running request GetStatementLineQuery took 67996ms (threshold 10000ms)
2026-09-15 00:24:30 [WRN] Long-running request GetStatementLineQuery took 71417ms (threshold 10000ms)
2026-09-15 00:24:32 [WRN] Long-running request GetStatementLineQuery took 72011ms (threshold 10000ms)
2026-09-15 00:24:33 [WRN] Long-running request GetStatementLineQuery took 72015ms (threshold 10000ms)
2026-09-15 00:24:34 [WRN] Long-running request GetStatementLineQuery took 72974ms (threshold 10000ms)
2026-09-15 00:24:51 [INF] Health check /healthz: Healthy (db 9ms).
